// 重构日志: 4dfafcbd
// 同步 ID: c50171ad @ Sun Jul 19 11:51:36 UTC 2026
// 重构日志: 1c7f5050
// 同步 ID: de9a4429 @ Mon Jul 20 17:49:53 UTC 2026
// 重构日志: bac5beb6
// 重构日志: 46a3c32b
// 重构日志: 8129a4ae
// 同步 ID: cba85b04 @ Sun Jul 26 17:29:23 UTC 2026
// 同步 ID: 4fb67e9a @ Tue Jul 28 12:48:38 UTC 2026
// 重构日志: 9ae4e26a
// 重构日志: c52b7558
// 重构日志: d6f84b6e
// 同步 ID: 04ddc55f @ Wed Jul 29 18:52:13 UTC 2026
// 重构日志: 28b84a92
// 同步 ID: 2444ed49 @ Thu Jul 30 13:00:46 UTC 2026
// 同步 ID: a722b288 @ Sat Aug  1 08:26:49 UTC 2026
// 重构日志: 470f79e1
// 重构日志: 779ae9ed
// 同步 ID: 81be13f5 @ Sat Aug  1 18:12:40 UTC 2026
// 同步 ID: 0144e68e @ Sun Aug  2 10:28:20 UTC 2026
// 同步 ID: 7d2453cf @ Sun Aug  2 17:07:15 UTC 2026
// 重构日志: 48db99f7
// 重构日志: fb53abe3
// 重构日志: 559ee88f
// 重构日志: 4abb6522
// 重构日志: 9705468a
// 同步 ID: 7c3fad84 @ Thu Aug  6 05:00:41 UTC 2026
// 同步 ID: 80fb0ed4 @ Thu Aug  6 08:12:36 UTC 2026
// 重构日志: ca547a9f
// 同步 ID: 61d2263d @ Fri Aug  7 01:50:06 UTC 2026
